10-12 10:03:07.257  1602  1716 E AppOps  : 	at android.os.Handler.dispatchMessage(Handler.java:106)
10-12 10:03:07.257  1602  1716 E AppOps  : 	at android.os.Looper.loopOnce(Looper.java:201)
10-12 10:03:07.257  1602  1716 E AppOps  : 	at android.os.Looper.loop(Looper.java:288)
10-12 10:03:07.257  1602  1716 E AppOps  : 	at android.os.HandlerThread.run(HandlerThread.java:67)
10-12 10:03:07.257  1602  1716 E AppOps  : 	at com.android.server.ServiceThread.run(ServiceThread.java:44)
10-12 10:03:07.258  1602  1716 W BroadcastQueue: Appop Denial: broadcasting Intent { act=android.intent.action.SERVICE_STATE flg=0x1000010 (has extras) } from android (pid=2591, uid=1001) requires appop android:read_phone_state due to registered receiver BroadcastFilter{ef298e5 10254/u0 ReceiverList{8052fdc 29046 com.verizon.messaging.vzmsgs/10254/u0 remote:76e7c4f}}
10-12 10:03:07.258  1602  1716 W BroadcastQueue: Permission Denial: receiving Intent { act=android.intent.action.SERVICE_STATE flg=0x1000010 (has extras) } to com.google.android.cellbroadcastreceiver/com.android.cellbroadcastreceiver.CellBroadcastReceiver requires android.permission.READ_PHONE_STATE due to sender android (uid 1001)
10-12 10:03:07.258  1602  1716 W BroadcastQueue: Appop Denial: receiving Intent { act=android.intent.action.SERVICE_STATE flg=0x1000010 (has extras) } to com.verizon.messaging.vzmsgs/com.verizon.vzmsgs.receiver.SystemEventReceiver requires appop FINE_LOCATION due to sender android (uid 1001)
10-12 10:03:07.259  1602  3658 W ContextImpl: Calling a method in the system process without a qualified user: android.app.ContextImpl.sendBroadcastMultiplePermissions:1272 android.content.Context.sendBroadcastMultiplePermissions:2272 com.android.server.TelephonyRegistry.broadcastServiceStateChanged:3100 com.android.server.TelephonyRegistry.notifyServiceStateForPhoneId:1616 com.android.internal.telephony.ITelephonyRegistry$Stub.onTransact:492 
10-12 10:03:07.259  1602  1716 W BroadcastQueue: Permission Denial: receiving Intent { act=android.intent.action.SERVICE_STATE flg=0x1000010 (has extras) } to ProcessRecord{f5bdb19 2091:com.android.systemui/u0a218} (pid=2091, uid=10218) requires android.permission.READ_PHONE_STATE due to sender android (uid 1001)
10-12 10:03:07.259  1602  1716 W BroadcastQueue: Permission Denial: receiving Intent { act=android.intent.action.SERVICE_STATE flg=0x1000010 (has extras) } to ProcessRecord{59e02ad 2512:com.shannon.imsservice/u0a197} (pid=2512, uid=10197) requires android.permission.READ_PHONE_STATE due to sender android (uid 1001)
10-12 10:03:07.259  1602  1716 W BroadcastQueue: Permission Denial: receiving Intent { act=android.intent.action.SERVICE_STATE flg=0x1000010 (has extras) } to ProcessRecord{de0ad03 13970:com.zhiliaoapp.musically/u0a241} (pid=13970, uid=10241) requires android.permission.READ_PHONE_STATE due to sender android (uid 1001)
10-12 10:03:07.260  1602  1716 W BroadcastQueue: Permission Denial: receiving Intent { act=android.intent.action.SERVICE_STATE flg=0x1000010 (has extras) } to ProcessRecord{4eabe23 28021:com.zhiliaoapp.musically:push/u0a241} (pid=28021, uid=10241) requires android.permission.READ_PHONE_STATE due to sender android (uid 1001)
10-12 10:03:07.260  1602  1716 E AppOps  : Bad call made by uid 1000. Package "android" does not belong to uid 1001.
10-12 10:03:07.260  1602  1716 E AppOps  : noteOperation
10-12 10:03:07.260  1602  1716 E AppOps  : java.lang.SecurityException: Specified package "android" under uid 1001 but it is not
10-12 10:03:07.260  1602  1716 E AppOps  : 	at com.android.server.appop.AppOpsService.verifyAndGetBypass(AppOpsService.java:4692)
10-12 10:03:07.260  1602  1716 E AppOps  : 	at com.android.server.appop.AppOpsService.noteOperationUnchecked(AppOpsService.java:3455)
10-12 10:03:07.260  1602  1716 E AppOps  : 	at com.android.server.appop.AppOpsService.noteOperationImpl(AppOpsService.java:3443)
10-12 10:03:07.260  1602  1716 E AppOps  : 	at com.android.server.appop.AppOpsService.-$$Nest$mnoteOperationImpl(Unknown Source:0)
10-12 10:03:07.260  1602  1716 E AppOps  : 	at com.android.server.appop.AppOpsService$CheckOpsDelegateDispatcher.lambda$noteOperation$4(AppOpsService.java:7638)
10-12 10:03:07.260  1602  1716 E AppOps  : 	at com.android.server.appop.AppOpsService$CheckOpsDelegateDispatcher.$r8$lambda$oOwUoG55BBmJ6yiwhp3OAq3tQ30(Unknown Source:0)
10-12 10:03:07.260  1602  1716 E AppOps  : 	at com.android.server.appop.AppOpsService$CheckOpsDelegateDispatcher$$ExternalSyntheticLambda3.apply(Unknown Source:32)
10-12 10:03:07.260  1602  1716 E AppOps  : 	at com.android.server.policy.AppOpsPolicy.noteOperation(AppOpsPolicy.java:225)
10-12 10:03:07.260  1602  1716 E AppOps  : 	at com.android.server.appop.AppOpsService$CheckOpsDelegateDispatcher.noteOperation(AppOpsService.java:7636)
10-12 10:03:07.260  1602  1716 E AppOps  : 	at com.android.server.appop.AppOpsService.noteOperation(AppOpsService.java:3427)
10-12 10:03:07.260  1602  1716 E AppOps  : 	at android.app.AppOpsManager.noteOpNoThrow(AppOpsManager.java:8529)
10-12 10:03:07.260  1602  1716 E AppOps  : 	at com.android.server.am.BroadcastQueue.deliverToRegisteredReceiverLocked(BroadcastQueue.java:740)
10-12 10:03:07.260  1602  1716 E AppOps  : 	at com.android.server.am.BroadcastQueue.processNextBroadcastLocked(BroadcastQueue.java:1204)
10-12 10:03:07.260  1602  1716 E AppOps  : 	at com.android.server.am.BroadcastQueue.processNextBroadcast(BroadcastQueue.java:1155)
10-12 10:03:07.260  1602  1716 E AppOps  : 	at com.android.server.am.BroadcastQueue.-$$Nest$mprocessNextBroadcast(Unknown Source:0)
10-12 10:03:07.260  1602  1716 E AppOps  : 	at com.android.server.am.BroadcastQueue$BroadcastHandler.handleMessage(BroadcastQueue.java:224)
10-12 10:03:07.260  1602  1716 E AppOps  : 	at android.os.Handler.dispatchMessage(Handler.java:106)
10-12 10:03:07.260  1602  1716 E AppOps  : 	at android.os.Looper.loopOnce(Looper.java:201)
10-12 10:03:07.260  1602  1716 E AppOps  : 	at android.os.Looper.loop(Looper.java:288)
10-12 10:03:07.260  1602  1716 E AppOps  : 	at android.os.HandlerThread.run(HandlerThread.java:67)
10-12 10:03:07.260  1602  1716 E AppOps  : 	at com.android.server.ServiceThread.run(ServiceThread.java:44)
10-12 10:03:07.260  1602  1716 W BroadcastQueue: Appop Denial: broadcasting Intent { act=android.intent.action.SERVICE_STATE flg=0x1000010 (has extras) } from android (pid=2591, uid=1001) requires appop android:read_phone_state due to registered receiver BroadcastFilter{ef298e5 10254/u0 ReceiverList{8052fdc 29046 com.verizon.messaging.vzmsgs/10254/u0 remote:76e7c4f}}
10-12 10:03:07.261  1602  1716 W BroadcastQueue: Appop Denial: receiving Intent { act=android.intent.action.SERVICE_STATE flg=0x1000010 (has extras) } to ProcessRecord{59e02ad 2512:com.shannon.imsservice/u0a197} (pid=2512, uid=10197) excludes appop android:fine_location due to sender android (uid 1001)
10-12 10:03:07.261  1602  1716 W BroadcastQueue: Permission Denial: receiving Intent { act=android.intent.action.SERVICE_STATE flg=0x1000010 (has extras) } to ProcessRecord{de0ad03 13970:com.zhiliaoapp.musically/u0a241} (pid=13970, uid=10241) requires android.permission.READ_PRIVILEGED_PHONE_STATE due to sender android (uid 1001)
10-12 10:03:07.261  1602  1716 W BroadcastQueue: Permission Denial: receiving Intent { act=android.intent.action.SERVICE_STATE flg=0x1000010 (has extras) } to ProcessRecord{4eabe23 28021:com.zhiliaoapp.musically:push/u0a241} (pid=28021, uid=10241) requires android.permission.READ_PRIVILEGED_PHONE_STATE due to sender android (uid 1001)
10-12 10:03:07.261  1602  1716 E AppOps  : Bad call made by uid 1000. Package "android" does not belong to uid 1001.
10-12 10:03:07.262  1602  1716 E AppOps  : noteOperation
10-12 10:03:07.262  1602  1716 E AppOps  : java.lang.SecurityException: Specified package "android" under uid 1001 but it is not
10-12 10:03:07.262  1602  1716 E AppOps  : 	at com.android.server.appop.AppOpsService.verifyAndGetBypass(AppOpsService.java:4692)
10-12 10:03:07.262  1602  1716 E AppOps  : 	at com.android.server.appop.AppOpsService.noteOperationUnchecked(AppOpsService.java:3455)
10-12 10:03:07.262  1602  1716 E AppOps  : 	at com.android.server.appop.AppOpsService.noteOperationImpl(AppOpsService.java:3443)
10-12 10:03:07.262  1602  1716 E AppOps  : 	at com.android.server.appop.AppOpsService.-$$Nest$mnoteOperationImpl(Unknown Source:0)
10-12 10:03:07.262  1602  1716 E AppOps  : 	at com.android.server.appop.AppOpsService$CheckOpsDelegateDispatcher.lambda$noteOperation$4(AppOpsService.java:7638)
10-12 10:03:07.262  1602  1716 E AppOps  : 	at com.android.server.appop.AppOpsService$CheckOpsDelegateDispatcher.$r8$lambda$oOwUoG55BBmJ6yiwhp3OAq3tQ30(Unknown Source:0)
10-12 10:03:07.262  1602  1716 E AppOps  : 	at com.android.server.appop.AppOpsService$CheckOpsDelegateDispatcher$$ExternalSyntheticLambda3.apply(Unknown Source:32)
10-12 10:03:07.262  1602  1716 E AppOps  : 	at com.android.server.policy.AppOpsPolicy.noteOperation(AppOpsPolicy.java:225)
10-12 10:03:07.262  1602  1716 E AppOps  : 	at com.android.server.appop.AppOpsService$CheckOpsDelegateDispatcher.noteOperation(AppOpsService.java:7636)
10-12 10:03:07.262  1602  1716 E AppOps  : 	at com.android.server.appop.AppOpsService.noteOperation(AppOpsService.java:3427)
10-12 10:03:07.262  1602  1716 E AppOps  : 	at android.app.AppOpsManager.noteOpNoThrow(AppOpsManager.java:8529)
10-12 10:03:07.262  1602  1716 E AppOps  : 	at com.android.server.am.BroadcastQueue.deliverToRegisteredReceiverLocked(BroadcastQueue.java:740)
10-12 10:03:07.262  1602  1716 E AppOps  : 	at com.android.server.am.BroadcastQueue.processNextBroadcastLocked(BroadcastQueue.java:1204)
10-12 10:03:07.262  1602  1716 E AppOps  : 	at com.android.server.am.BroadcastQueue.processNextBroadcast(BroadcastQueue.java:1155)
10-12 10:03:07.262  1602  1716 E AppOps  : 	at com.android.server.am.BroadcastQueue.-$$Nest$mprocessNextBroadcast(Unknown Source:0)
10-12 10:03:07.262  1602  1716 E AppOps  : 	at com.android.server.am.BroadcastQueue$BroadcastHandler.handleMessage(BroadcastQueue.java:224)
10-12 10:03:07.262  1602  1716 E AppOps  : 	at android.os.Handler.dispatchMessage(Handler.java:106)
10-12 10:03:07.262  1602  1716 E AppOps  : 	at android.os.Looper.loopOnce(Looper.java:201)
10-12 10:03:07.262  1602  1716 E AppOps  : 	at android.os.Looper.loop(Looper.java:288)
10-12 10:03:07.262  1602  1716 E AppOps  : 	at android.os.HandlerThread.run(HandlerThread.java:67)
10-12 10:03:07.262  1602  1716 E AppOps  : 	at com.android.server.ServiceThread.run(ServiceThread.java:44)
10-12 10:03:07.262  1602  1716 W BroadcastQueue: Appop Denial: broadcasting Intent { act=android.intent.action.SERVICE_STATE flg=0x1000010 (has extras) } from android (pid=2591, uid=1001) requires appop android:read_phone_state due to registered receiver BroadcastFilter{ef298e5 10254/u0 ReceiverList{8052fdc 29046 com.verizon.messaging.vzmsgs/10254/u0 remote:76e7c4f}}
10-12 10:03:07.262  1602  1716 W BroadcastQueue: Permission Denial: receiving Intent { act=android.intent.action.SERVICE_STATE flg=0x1000010 (has extras) } to com.google.android.cellbroadcastreceiver/com.android.cellbroadcastreceiver.CellBroadcastReceiver requires android.permission.ACCESS_FINE_LOCATION due to sender android (uid 1001)
10-12 10:03:07.262  1602  1716 W BroadcastQueue: Permission Denial: receiving Intent { act=android.intent.action.SERVICE_STATE flg=0x1000010 (has extras) } to com.google.android.cellbroadcastreceiver/com.android.cellbroadcastreceiver.CellBroadcastReceiver requires android.permission.READ_PHONE_STATE due to sender android (uid 1001)
10-12 10:03:07.271  1602  3658 D CompatibilityChangeReporter: Compat change id reported: 181658987; UID 1000; state: ENABLED
10-12 10:03:08.642  1602  1777 I DisplayPowerController[0]: BrightnessEvent: disp=0, physDisp=local:4619827677550801152, brt=0.2374531, initBrt=0.31460717, rcmdBrt=0.2374531, preBrt=0.31460717, lux=358.99792, preLux=702.7808, hbmMax=0.62, hbmMode=off, rbcStrength=50, powerFactor=1.0, thrmMax=1.0, wasShortTermModelActive=false, flags=, reason=automatic, autoBrightness=true
10-12 10:03:08.643  1602  1777 I DisplayPowerController[0]: BrightnessEvent: disp=0, physDisp=local:4619827677550801152, brt=0.2374531, initBrt=0.2374531, rcmdBrt=0.2374531, preBrt=0.31460717, lux=358.99792, preLux=702.7808, hbmMax=0.62, hbmMode=off, rbcStrength=50, powerFactor=1.0, thrmMax=1.0, wasShortTermModelActive=false, flags=, reason=automatic, autoBrightness=true
10-12 10:03:08.646  1602  1602 I BrightnessSynchronizer: [6512] New Update 0.2374531(f) set brightness values:  61(i)
10-12 10:03:08.646  1602  1602 I BrightnessSynchronizer: New PendingUpdate: {[6513] 0.2374531(f), mUpdatedTypes=0, mConfirmedTypes=0, mTimeUpdated=0}, prev=null
10-12 10:03:08.652  1602  1602 I BrightnessSynchronizer: Swallowing update of 61(i) by update: {[6512] 0.2374531(f), mUpdatedTypes=1, mConfirmedTypes=1, mTimeUpdated=199257824}
10-12 10:03:08.652  1602  1602 I BrightnessSynchronizer: Completed Update: {[6512] 0.2374531(f), mUpdatedTypes=1, mConfirmedTypes=1, mTimeUpdated=199257824}
10-12 10:03:09.537  2091 11557 D PowerUI : can't show warning due to - plugged: true status unknown: false
10-12 10:03:09.732  1602  3658 W ContextImpl: Calling a method in the system process without a qualified user: android.app.ContextImpl.sendBroadcastMultiplePermissions:1222 com.android.server.TelephonyRegistry.broadcastServiceStateChanged:3085 com.android.server.TelephonyRegistry.notifyServiceStateForPhoneId:1616 com.android.internal.telephony.ITelephonyRegistry$Stub.onTransact:492 android.os.Binder.execTransactInternal:1280 
10-12 10:03:09.733  1602  3658 W ContextImpl: Calling a method in the system process without a qualified user: android.app.ContextImpl.sendBroadcastMultiplePermissions:1272 android.content.Context.sendBroadcastMultiplePermissions:2272 com.android.server.TelephonyRegistry.broadcastServiceStateChanged:3089 com.android.server.TelephonyRegistry.notifyServiceStateForPhoneId:1616 com.android.internal.telephony.ITelephonyRegistry$Stub.onTransact:492 
10-12 10:03:09.734  1602  1716 W BroadcastQueue: Permission Denial: receiving Intent { act=android.intent.action.SERVICE_STATE flg=0x1000010 (has extras) } to ProcessRecord{f5bdb19 2091:com.android.systemui/u0a218} (pid=2091, uid=10218) requires android.permission.READ_PHONE_STATE due to sender android (uid 1001)
10-12 10:03:09.734  1602  1716 W BroadcastQueue: Permission Denial: receiving Intent { act=android.intent.action.SERVICE_STATE flg=0x1000010 (has extras) } to ProcessRecord{59e02ad 2512:com.shannon.imsservice/u0a197} (pid=2512, uid=10197) requires android.permission.READ_PHONE_STATE due to sender android (uid 1001)
10-12 10:03:09.734  1602  1716 W BroadcastQueue: Permission Denial: receiving Intent { act=android.intent.action.SERVICE_STATE flg=0x1000010 (has extras) } to ProcessRecord{de0ad03 13970:com.zhiliaoapp.musically/u0a241} (pid=13970, uid=10241) requires android.permission.READ_PHONE_STATE due to sender android (uid 1001)
10-12 10:03:09.734  1602  1716 W BroadcastQueue: Permission Denial: receiving Intent { act=android.intent.action.SERVICE_STATE flg=0x1000010 (has extras) } to ProcessRecord{4eabe23 28021:com.zhiliaoapp.musically:push/u0a241} (pid=28021, uid=10241) requires android.permission.READ_PHONE_STATE due to sender android (uid 1001)
10-12 10:03:09.734  1602  1716 E AppOps  : Bad call made by uid 1000. Package "android" does not belong to uid 1001.
10-12 10:03:09.735  1602  1716 E AppOps  : noteOperation
10-12 10:03:09.735  1602  1716 E AppOps  : java.lang.SecurityException: Specified package "android" under uid 1001 but it is not
10-12 10:03:09.735  1602  1716 E AppOps  : 	at com.android.server.appop.AppOpsService.verifyAndGetBypass(AppOpsService.java:4692)
10-12 10:03:09.735  1602  1716 E AppOps  : 	at com.android.server.appop.AppOpsService.noteOperationUnchecked(AppOpsService.java:3455)
10-12 10:03:09.735  1602  1716 E AppOps  : 	at com.android.server.appop.AppOpsService.noteOperationImpl(AppOpsService.java:3443)
10-12 10:03:09.735  1602  1716 E AppOps  : 	at com.android.server.appop.AppOpsService.-$$Nest$mnoteOperationImpl(Unknown Source:0)
10-12 10:03:09.735  1602  1716 E AppOps  : 	at com.android.server.appop.AppOpsService$CheckOpsDelegateDispatcher.lambda$noteOperation$4(AppOpsService.java:7638)
10-12 10:03:09.735  1602  1716 E AppOps  : 	at com.android.server.appop.AppOpsService$CheckOpsDelegateDispatcher.$r8$lambda$oOwUoG55BBmJ6yiwhp3OAq3tQ30(Unknown Source:0)
10-12 10:03:09.735  1602  1716 E AppOps  : 	at com.android.server.appop.AppOpsService$CheckOpsDelegateDispatcher$$ExternalSyntheticLambda3.apply(Unknown Source:32)
10-12 10:03:09.735  1602  1716 E AppOps  : 	at com.android.server.policy.AppOpsPolicy.noteOperation(AppOpsPolicy.java:225)
10-12 10:03:09.735  1602  1716 E AppOps  : 	at com.android.server.appop.AppOpsService$CheckOpsDelegateDispatcher.noteOperation(AppOpsService.java:7636)
10-12 10:03:09.735  1602  1716 E AppOps  : 	at com.android.server.appop.AppOpsService.noteOperation(AppOpsService.java:3427)
10-12 10:03:09.735  1602  1716 E AppOps  : 	at android.app.AppOpsManager.noteOpNoThrow(AppOpsManager.java:8529)
10-12 10:03:09.735  1602  1716 E AppOps  : 	at com.android.server.am.BroadcastQueue.deliverToRegisteredReceiverLocked(BroadcastQueue.java:740)
10-12 10:03:09.735  1602  1716 E AppOps  : 	at com.android.server.am.BroadcastQueue.processNextBroadcastLocked(BroadcastQueue.java:1204)
10-12 10:03:09.735  1602  1716 E AppOps  : 	at com.android.server.am.BroadcastQueue.processNextBroadcast(BroadcastQueue.java:1155)
10-12 10:03:09.735  1602  1716 E AppOps  : 	at com.android.server.am.BroadcastQueue.-$$Nest$mprocessNextBroadcast(Unknown Source:0)
10-12 10:03:09.735  1602  1716 E AppOps  : 	at com.android.server.am.BroadcastQueue$BroadcastHandler.handleMessage(BroadcastQueue.java:224)
10-12 10:03:09.735  1602  1716 E AppOps  : 	at android.os.Handler.dispatchMessage(Handler.java:106)
10-12 10:03:09.735  1602  1716 E AppOps  : 	at android.os.Looper.loopOnce(Looper.java:201)
10-12 10:03:09.735  1602  1716 E AppOps  : 	at android.os.Looper.loop(Looper.java:288)
10-12 10:03:09.735  1602  1716 E AppOps  : 	at android.os.HandlerThread.run(HandlerThread.java:67)
10-12 10:03:09.735  1602  1716 E AppOps  : 	at com.android.server.ServiceThread.run(ServiceThread.java:44)
10-12 10:03:09.735  1602  1716 W BroadcastQueue: Appop Denial: broadcasting Intent { act=android.intent.action.SERVICE_STATE flg=0x1000010 (has extras) } from android (pid=2591, uid=1001) requires appop android:read_phone_state due to registered receiver BroadcastFilter{ef298e5 10254/u0 ReceiverList{8052fdc 29046 com.verizon.messaging.vzmsgs/10254/u0 remote:76e7c4f}}
10-12 10:03:09.735  1602  1716 W BroadcastQueue: Permission Denial: receiving Intent { act=android.intent.action.SERVICE_STATE flg=0x1000010 (has extras) } to com.google.android.cellbroadcastreceiver/com.android.cellbroadcastreceiver.CellBroadcastReceiver requires android.permission.READ_PHONE_STATE due to sender android (uid 1001)
10-12 10:03:09.736  1602  3658 W ContextImpl: Calling a method in the system process without a qualified user: android.app.ContextImpl.sendBroadcastMultiplePermissions:1272 android.content.Context.sendBroadcastMultiplePermissions:2272 com.android.server.TelephonyRegistry.broadcastServiceStateChanged:3096 com.android.server.TelephonyRegistry.notifyServiceStateForPhoneId:1616 com.android.internal.telephony.ITelephonyRegistry$Stub.onTransact:492 
10-12 10:03:09.736  1602  1716 W BroadcastQueue: Permission Denial: receiving Intent { act=android.intent.action.SERVICE_STATE flg=0x1000010 (has extras) } to ProcessRecord{f5bdb19 2091:com.android.systemui/u0a218} (pid=2091, uid=10218) requires android.permission.ACCESS_FINE_LOCATION due to sender android (uid 1001)
10-12 10:03:09.737  1602  1716 W BroadcastQueue: Permission Denial: receiving Intent { act=android.intent.action.SERVICE_STATE flg=0x1000010 (has extras) } to ProcessRecord{de0ad03 13970:com.zhiliaoapp.musically/u0a241} (pid=13970, uid=10241) requires android.permission.READ_PRIVILEGED_PHONE_STATE due to sender android (uid 1001)
10-12 10:03:09.737  1602  1716 W BroadcastQueue: Permission Denial: receiving Intent { act=android.intent.action.SERVICE_STATE flg=0x1000010 (has extras) } to ProcessRecord{4eabe23 28021:com.zhiliaoapp.musically:push/u0a241} (pid=28021, uid=10241) requires android.permission.READ_PRIVILEGED_PHONE_STATE due to sender android (uid 1001)
10-12 10:03:09.737  1602  1716 E AppOps  : Bad call made by uid 1000. Package "android" does not belong to uid 1001.
10-12 10:03:09.738  1602  1716 E AppOps  : noteOperation
10-12 10:03:09.738  1602  1716 E AppOps  : java.lang.SecurityException: Specified package "android" under uid 1001 but it is not
10-12 10:03:09.738  1602  1716 E AppOps  : 	at com.android.server.appop.AppOpsService.verifyAndGetBypass(AppOpsService.java:4692)
10-12 10:03:09.738  1602  1716 E AppOps  : 	at com.android.server.appop.AppOpsService.noteOperationUnchecked(AppOpsService.java:3455)
10-12 10:03:09.738  1602  1716 E AppOps  : 	at com.android.server.appop.AppOpsService.noteOperationImpl(AppOpsService.java:3443)
10-12 10:03:09.738  1602  1716 E AppOps  : 	at com.android.server.appop.AppOpsService.-$$Nest$mnoteOperationImpl(Unknown Source:0)
10-12 10:03:09.738  1602  1716 E AppOps  : 	at com.android.server.appop.AppOpsService$CheckOpsDelegateDispatcher.lambda$noteOperation$4(AppOpsService.java:7638)
10-12 10:03:09.738  1602  1716 E AppOps  : 	at com.android.server.appop.AppOpsService$CheckOpsDelegateDispatcher.$r8$lambda$oOwUoG55BBmJ6yiwhp3OAq3tQ30(Unknown Source:0)
10-12 10:03:09.738  1602  1716 E AppOps  : 	at com.android.server.appop.AppOpsService$CheckOpsDelegateDispatcher$$ExternalSyntheticLambda3.apply(Unknown Source:32)
10-12 10:03:09.738  1602  1716 E AppOps  : 	at com.android.server.policy.AppOpsPolicy.noteOperation(AppOpsPolicy.java:225)
10-12 10:03:09.738  1602  1716 E AppOps  : 	at com.android.server.appop.AppOpsService$CheckOpsDelegateDispatcher.noteOperation(AppOpsService.java:7636)
10-12 10:03:09.738  1602  1716 E AppOps  : 	at com.android.server.appop.AppOpsService.noteOperation(AppOpsService.java:3427)
10-12 10:03:09.738  1602  1716 E AppOps  : 	at android.app.AppOpsManager.noteOpNoThrow(AppOpsManager.java:8529)
10-12 10:03:09.738  1602  1716 E AppOps  : 	at com.android.server.am.BroadcastQueue.deliverToRegisteredReceiverLocked(BroadcastQueue.java:740)
10-12 10:03:09.738  1602  1716 E AppOps  : 	at com.android.server.am.BroadcastQueue.processNextBroadcastLocked(BroadcastQueue.java:1204)
10-12 10:03:09.738  1602  1716 E AppOps  : 	at com.android.server.am.BroadcastQueue.processNextBroadcast(BroadcastQueue.java:1155)
10-12 10:03:09.738  1602  1716 E AppOps  : 	at com.android.server.am.BroadcastQueue.-$$Nest$mprocessNextBroadcast(Unknown Source:0)
10-12 10:03:09.738  1602  1716 E AppOps  : 	at com.android.server.am.BroadcastQueue$BroadcastHandler.handleMessage(BroadcastQueue.java:224)
10-12 10:03:09.738  1602  1716 E AppOps  : 	at android.os.Handler.dispatchMessage(Handler.java:106)
10-12 10:03:09.738  1602  1716 E AppOps  : 	at android.os.Looper.loopOnce(Looper.java:201)
10-12 10:03:09.738  1602  1716 E AppOps  : 	at android.os.Looper.loop(Looper.java:288)
10-12 10:03:09.738  1602  1716 E AppOps  : 	at android.os.HandlerThread.run(HandlerThread.java:67)
10-12 10:03:09.738  1602  1716 E AppOps  : 	at com.android.server.ServiceThread.run(ServiceThread.java:44)
10-12 10:03:09.738  1602  1716 W BroadcastQueue: Appop Denial: broadcasting Intent { act=android.intent.action.SERVICE_STATE flg=0x1000010 (has extras) } from android (pid=2591, uid=1001) requires appop android:read_phone_state due to registered receiver BroadcastFilter{ef298e5 10254/u0 ReceiverList{8052fdc 29046 com.verizon.messaging.vzmsgs/10254/u0 remote:76e7c4f}}
10-12 10:03:09.738  1602  1716 W BroadcastQueue: Appop Denial: receiving Intent { act=android.intent.action.SERVICE_STATE flg=0x1000010 (has extras) } to com.verizon.messaging.vzmsgs/com.verizon.vzmsgs.receiver.SystemEventReceiver requires appop FINE_LOCATION due to sender android (uid 1001)
10-12 10:03:09.739  1602  3658 W ContextImpl: Calling a method in the system process without a qualified user: android.app.ContextImpl.sendBroadcastMultiplePermissions:1272 android.content.Context.sendBroadcastMultiplePermissions:2272 com.android.server.TelephonyRegistry.broadcastServiceStateChanged:3100 com.android.server.TelephonyRegistry.notifyServiceStateForPhoneId:1616 com.android.internal.telephony.ITelephonyRegistry$Stub.onTransact:492 
10-12 10:03:09.741  1602  1716 W BroadcastQueue: Permission Denial: receiving Intent { act=android.intent.action.SERVICE_STATE flg=0x1000010 (has extras) } to ProcessRecord{f5bdb19 2091:com.android.systemui/u0a218} (pid=2091, uid=10218) requires android.permission.READ_PHONE_STATE due to sender android (uid 1001)
10-12 10:03:09.741  1602  1716 W BroadcastQueue: Permission Denial: receiving Intent { act=android.intent.action.SERVICE_STATE flg=0x1000010 (has extras) } to ProcessRecord{59e02ad 2512:com.shannon.imsservice/u0a197} (pid=2512, uid=10197) requires android.permission.READ_PHONE_STATE due to sender android (uid 1001)
10-12 10:03:09.741  1602  1716 W BroadcastQueue: Permission Denial: receiving Intent { act=android.intent.action.SERVICE_STATE flg=0x1000010 (has extras) } to ProcessRecord{de0ad03 13970:com.zhiliaoapp.musically/u0a241} (pid=13970, uid=10241) requires android.permission.READ_PHONE_STATE due to sender android (uid 1001)
10-12 10:03:09.741  1602  1716 W BroadcastQueue: Permission Denial: receiving Intent { act=android.intent.action.SERVICE_STATE flg=0x1000010 (has extras) } to ProcessRecord{4eabe23 28021:com.zhiliaoapp.musically:push/u0a241} (pid=28021, uid=10241) requires android.permission.READ_PHONE_STATE due to sender android (uid 1001)
10-12 10:03:09.741  1602  1716 E AppOps  : Bad call made by uid 1000. Package "android" does not belong to uid 1001.
10-12 10:03:09.742  1602  1716 E AppOps  : noteOperation
10-12 10:03:09.742  1602  1716 E AppOps  : java.lang.SecurityException: Specified package "android" under uid 1001 but it is not
10-12 10:03:09.742  1602  1716 E AppOps  : 	at com.android.server.appop.AppOpsService.verifyAndGetBypass(AppOpsService.java:4692)
10-12 10:03:09.742  1602  1716 E AppOps  : 	at com.android.server.appop.AppOpsService.noteOperationUnchecked(AppOpsService.java:3455)
10-12 10:03:09.742  1602  1716 E AppOps  : 	at com.android.server.appop.AppOpsService.noteOperationImpl(AppOpsService.java:3443)
10-12 10:03:09.742  1602  1716 E AppOps  : 	at com.android.server.appop.AppOpsService.-$$Nest$mnoteOperationImpl(Unknown Source:0)
10-12 10:03:09.742  1602  1716 E AppOps  : 	at com.android.server.appop.AppOpsService$CheckOpsDelegateDispatcher.lambda$noteOperation$4(AppOpsService.java:7638)
10-12 10:03:09.742  1602  1716 E AppOps  : 	at com.android.server.appop.AppOpsService$CheckOpsDelegateDispatcher.$r8$lambda$oOwUoG55BBmJ6yiwhp3OAq3tQ30(Unknown Source:0)
10-12 10:03:09.742  1602  1716 E AppOps  : 	at com.android.server.appop.AppOpsService$CheckOpsDelegateDispatcher$$ExternalSyntheticLambda3.apply(Unknown Source:32)
10-12 10:03:09.742  1602  1716 E AppOps  : 	at com.android.server.policy.AppOpsPolicy.noteOperation(AppOpsPolicy.java:225)
10-12 10:03:09.742  1602  1716 E AppOps  : 	at com.android.server.appop.AppOpsService$CheckOpsDelegateDispatcher.noteOperation(AppOpsService.java:7636)
10-12 10:03:09.742  1602  1716 E AppOps  : 	at com.android.server.appop.AppOpsService.noteOperation(AppOpsService.java:3427)
10-12 10:03:09.742  1602  1716 E AppOps  : 	at android.app.AppOpsManager.noteOpNoThrow(AppOpsManager.java:8529)
10-12 10:03:09.742  1602  1716 E AppOps  : 	at com.android.server.am.BroadcastQueue.deliverToRegisteredReceiverLocked(BroadcastQueue.java:740)
10-12 10:03:09.742  1602  1716 E AppOps  : 	at com.android.server.am.BroadcastQueue.processNextBroadcastLocked(BroadcastQueue.java:1204)
10-12 10:03:09.742  1602  1716 E AppOps  : 	at com.android.server.am.BroadcastQueue.processNextBroadcast(BroadcastQueue.java:1155)
10-12 10:03:09.742  1602  1716 E AppOps  : 	at com.android.server.am.BroadcastQueue.-$$Nest$mprocessNextBroadcast(Unknown Source:0)
10-12 10:03:09.742  1602  1716 E AppOps  : 	at com.android.server.am.BroadcastQueue$BroadcastHandler.handleMessage(BroadcastQueue.java:224)
10-12 10:03:09.742  1602  1716 E AppOps  : 	at android.os.Handler.dispatchMessage(Handler.java:106)
10-12 10:03:09.742  1602  1716 E AppOps  : 	at android.os.Looper.loopOnce(Looper.java:201)
10-12 10:03:09.742  1602  1716 E AppOps  : 	at android.os.Looper.loop(Looper.java:288)
10-12 10:03:09.742  1602  1716 E AppOps  : 	at android.os.HandlerThread.run(HandlerThread.java:67)
10-12 10:03:09.742  1602  1716 E AppOps  : 	at com.android.server.ServiceThread.run(ServiceThread.java:44)
10-12 10:03:09.742  1602  1716 W BroadcastQueue: Appop Denial: broadcasting Intent { act=android.intent.action.SERVICE_STATE flg=0x1000010 (has extras) } from android (pid=2591, uid=1001) requires appop android:read_phone_state due to registered receiver BroadcastFilter{ef298e5 10254/u0 ReceiverList{8052fdc 29046 com.verizon.messaging.vzmsgs/10254/u0 remote:76e7c4f}}
10-12 10:03:09.743  1602  1716 W BroadcastQueue: Appop Denial: receiving Intent { act=android.intent.action.SERVICE_STATE flg=0x1000010 (has extras) } to ProcessRecord{59e02ad 2512:com.shannon.imsservice/u0a197} (pid=2512, uid=10197) excludes appop android:fine_location due to sender android (uid 1001)
10-12 10:03:09.743  1602  1716 W BroadcastQueue: Permission Denial: receiving Intent { act=android.intent.action.SERVICE_STATE flg=0x1000010 (has extras) } to ProcessRecord{de0ad03 13970:com.zhiliaoapp.musically/u0a241} (pid=13970, uid=10241) requires android.permission.READ_PRIVILEGED_PHONE_STATE due to sender android (uid 1001)
10-12 10:03:09.743  1602  1716 W BroadcastQueue: Permission Denial: receiving Intent { act=android.intent.action.SERVICE_STATE flg=0x1000010 (has extras) } to ProcessRecord{4eabe23 28021:com.zhiliaoapp.musically:push/u0a241} (pid=28021, uid=10241) requires android.permission.READ_PRIVILEGED_PHONE_STATE due to sender android (uid 1001)
10-12 10:03:09.743  1602  1716 E AppOps  : Bad call made by uid 1000. Package "android" does not belong to uid 1001.
10-12 10:03:09.743  1602  1716 E AppOps  : noteOperation
10-12 10:03:09.743  1602  1716 E AppOps  : java.lang.SecurityException: Specified package "android" under uid 1001 but it is not
10-12 10:03:09.743  1602  1716 E AppOps  : 	at com.android.server.appop.AppOpsService.verifyAndGetBypass(AppOpsService.java:4692)
10-12 10:03:09.743  1602  1716 E AppOps  : 	at com.android.server.appop.AppOpsService.noteOperationUnchecked(AppOpsService.java:3455)
10-12 10:03:09.743  1602  1716 E AppOps  : 	at com.android.server.appop.AppOpsService.noteOperationImpl(AppOpsService.java:3443)
10-12 10:03:09.743  1602  1716 E AppOps  : 	at com.android.server.appop.AppOpsService.-$$Nest$mnoteOperationImpl(Unknown Source:0)
10-12 10:03:09.743  1602  1716 E AppOps  : 	at com.android.server.appop.AppOpsService$CheckOpsDelegateDispatcher.lambda$noteOperation$4(AppOpsService.java:7638)
10-12 10:03:09.743  1602  1716 E AppOps  : 	at com.android.server.appop.AppOpsService$CheckOpsDelegateDispatcher.$r8$lambda$oOwUoG55BBmJ6yiwhp3OAq3tQ30(Unknown Source:0)
10-12 10:03:09.743  1602  1716 E AppOps  : 	at com.android.server.appop.AppOpsService$CheckOpsDelegateDispatcher$$ExternalSyntheticLambda3.apply(Unknown Source:32)
10-12 10:03:09.743  1602  1716 E AppOps  : 	at com.android.server.policy.AppOpsPolicy.noteOperation(AppOpsPolicy.java:225)
10-12 10:03:09.743  1602  1716 E AppOps  : 	at com.android.server.appop.AppOpsService$CheckOpsDelegateDispatcher.noteOperation(AppOpsService.java:7636)
10-12 10:03:09.743  1602  1716 E AppOps  : 	at com.android.server.appop.AppOpsService.noteOperation(AppOpsService.java:3427)
10-12 10:03:09.743  1602  1716 E AppOps  : 	at android.app.AppOpsManager.noteOpNoThrow(AppOpsManager.java:8529)
10-12 10:03:09.743  1602  1716 E AppOps  : 	at com.android.server.am.BroadcastQueue.deliverToRegisteredReceiverLocked(BroadcastQueue.java:740)
10-12 10:03:09.743  1602  1716 E AppOps  : 	at com.android.server.am.BroadcastQueue.processNextBroadcastLocked(BroadcastQueue.java:1204)
10-12 10:03:09.743  1602  1716 E AppOps  : 	at com.android.server.am.BroadcastQueue.processNextBroadcast(BroadcastQueue.java:1155)
10-12 10:03:09.743  1602  1716 E AppOps  : 	at com.android.server.am.BroadcastQueue.-$$Nest$mprocessNextBroadcast(Unknown Source:0)
10-12 10:03:09.743  1602  1716 E AppOps  : 	at com.android.server.am.BroadcastQueue$BroadcastHandler.handleMessage(BroadcastQueue.java:224)
10-12 10:03:09.743  1602  1716 E AppOps  : 	at android.os.Handler.dispatchMessage(Handler.java:106)
10-12 10:03:09.743  1602  1716 E AppOps  : 	at android.os.Looper.loopOnce(Looper.java:201)
10-12 10:03:09.743  1602  1716 E AppOps  : 	at android.os.Looper.loop(Looper.java:288)
10-12 10:03:09.743  1602  1716 E AppOps  : 	at android.os.HandlerThread.run(HandlerThread.java:67)
10-12 10:03:09.743  1602  1716 E AppOps  : 	at com.android.server.ServiceThread.run(ServiceThread.java:44)
10-12 10:03:09.743  1602  1716 W BroadcastQueue: Appop Denial: broadcasting Intent { act=android.intent.action.SERVICE_STATE flg=0x1000010 (has extras) } from android (pid=2591, uid=1001) requires appop android:read_phone_state due to registered receiver BroadcastFilter{ef298e5 10254/u0 ReceiverList{8052fdc 29046 com.verizon.messaging.vzmsgs/10254/u0 remote:76e7c4f}}
10-12 10:03:09.744  1602  1716 W BroadcastQueue: Permission Denial: receiving Intent { act=android.intent.action.SERVICE_STATE flg=0x1000010 (has extras) } to com.google.android.cellbroadcastreceiver/com.android.cellbroadcastreceiver.CellBroadcastReceiver requires android.permission.ACCESS_FINE_LOCATION due to sender android (uid 1001)
10-12 10:03:09.744  1602  1716 W BroadcastQueue: Permission Denial: receiving Intent { act=android.intent.action.SERVICE_STATE flg=0x1000010 (has extras) } to com.google.android.cellbroadcastreceiver/com.android.cellbroadcastreceiver.CellBroadcastReceiver requires android.permission.READ_PHONE_STATE due to sender android (uid 1001)
10-12 10:03:09.745  1602  1777 I DisplayPowerController[0]: BrightnessEvent: disp=0, physDisp=local:4619827677550801152, brt=0.2374531, initBrt=0.2374531, rcmdBrt=0.2374531, preBrt=0.31460717, lux=358.99792, preLux=702.7808, hbmMax=0.62, hbmMode=off, rbcStrength=50, powerFactor=1.0, thrmMax=1.0, wasShortTermModelActive=false, flags=, reason=automatic, autoBrightness=true
10-12 10:03:16.025  1602  1602 I ContentCaptureManagerService: Content capture data sharing session terminated successfully for package 'com.google.android.googlequicksearchbox'
10-12 10:03:16.040  1602  1602 I ContentCaptureManagerService: Content capture data sharing session terminated successfully for package 'com.google.android.googlequicksearchbox'
10-12 10:03:16.496  1602  1602 I ContentCaptureManagerService: Content capture data sharing session terminated successfully for package 'com.google.android.googlequicksearchbox'
10-12 10:03:22.099  1602  1715 I UsageStatsService: User[0] Flushing usage stats to disk
10-12 10:03:29.616  1602  2545 D SystemServerTiming: getUserSwitchability-0
10-12 10:03:29.616  1602  2545 D SystemServerTiming: TM.isInCall
10-12 10:03:29.616  1602  7806 D SystemServerTiming: getUserSwitchability-0
10-12 10:03:29.616  1602  7806 D SystemServerTiming: TM.isInCall
10-12 10:03:29.617  1602  2545 D SystemServerTiming: hasUserRestriction-DISALLOW_USER_SWITCH
10-12 10:03:29.617  1602  2545 D SystemServerTiming: getInt-ALLOW_USER_SWITCHING_WHEN_SYSTEM_USER_LOCKED
10-12 10:03:29.617  1602  7806 D SystemServerTiming: hasUserRestriction-DISALLOW_USER_SWITCH
10-12 10:03:29.617  1602  2545 D SystemServerTiming: isUserUnlocked-USER_SYSTEM
10-12 10:03:29.617  1602  7806 D SystemServerTiming: getInt-ALLOW_USER_SWITCHING_WHEN_SYSTEM_USER_LOCKED
10-12 10:03:29.617  1602  7806 D SystemServerTiming: isUserUnlocked-USER_SYSTEM
10-12 10:03:31.720  1602  1714 W ContextImpl: Calling a method in the system process without a qualified user: android.app.ContextImpl.sendBroadcastMultiplePermissions:1222 com.android.server.TelephonyRegistry.broadcastServiceStateChanged:3085 com.android.server.TelephonyRegistry.notifyServiceStateForPhoneId:1616 com.android.internal.telephony.ITelephonyRegistry$Stub.onTransact:492 android.os.Binder.execTransactInternal:1280 
10-12 10:03:31.722  1602  1714 W ContextImpl: Calling a method in the system process without a qualified user: android.app.ContextImpl.sendBroadcastMultiplePermissions:1272 android.content.Context.sendBroadcastMultiplePermissions:2272 com.android.server.TelephonyRegistry.broadcastServiceStateChanged:3089 com.android.server.TelephonyRegistry.notifyServiceStateForPhoneId:1616 com.android.internal.telephony.ITelephonyRegistry$Stub.onTransact:492 
10-12 10:03:31.722  1602  1716 W BroadcastQueue: Permission Denial: receiving Intent { act=android.intent.action.SERVICE_STATE flg=0x1000010 (has extras) } to ProcessRecord{f5bdb19 2091:com.android.systemui/u0a218} (pid=2091, uid=10218) requires android.permission.READ_PHONE_STATE due to sender android (uid 1001)
10-12 10:03:31.722  1602  1716 W BroadcastQueue: Permission Denial: receiving Intent { act=android.intent.action.SERVICE_STATE flg=0x1000010 (has extras) } to ProcessRecord{59e02ad 2512:com.shannon.imsservice/u0a197} (pid=2512, uid=10197) requires android.permission.READ_PHONE_STATE due to sender android (uid 1001)
10-12 10:03:31.723  1602  1716 W BroadcastQueue: Permission Denial: receiving Intent { act=android.intent.action.SERVICE_STATE flg=0x1000010 (has extras) } to ProcessRecord{de0ad03 13970:com.zhiliaoapp.musically/u0a241} (pid=13970, uid=10241) requires android.permission.READ_PHONE_STATE due to sender android (uid 1001)
10-12 10:03:31.723  1602  1716 W BroadcastQueue: Permission Denial: receiving Intent { act=android.intent.action.SERVICE_STATE flg=0x1000010 (has extras) } to ProcessRecord{4eabe23 28021:com.zhiliaoapp.musically:push/u0a241} (pid=28021, uid=10241) requires android.permission.READ_PHONE_STATE due to sender android (uid 1001)
10-12 10:03:31.723  1602  1716 E AppOps  : Bad call made by uid 1000. Package "android" does not belong to uid 1001.
10-12 10:03:31.724  1602  1716 E AppOps  : noteOperation
10-12 10:03:31.724  1602  1716 E AppOps  : java.lang.SecurityException: Specified package "android" under uid 1001 but it is not
10-12 10:03:31.724  1602  1716 E AppOps  : 	at com.android.server.appop.AppOpsService.verifyAndGetBypass(AppOpsService.java:4692)
10-12 10:03:31.724  1602  1716 E AppOps  : 	at com.android.server.appop.AppOpsService.noteOperationUnchecked(AppOpsService.java:3455)
10-12 10:03:31.724  1602  1716 E AppOps  : 	at com.android.server.appop.AppOpsService.noteOperationImpl(AppOpsService.java:3443)
10-12 10:03:31.724  1602  1716 E AppOps  : 	at com.android.server.appop.AppOpsService.-$$Nest$mnoteOperationImpl(Unknown Source:0)
10-12 10:03:31.724  1602  1716 E AppOps  : 	at com.android.server.appop.AppOpsService$CheckOpsDelegateDispatcher.lambda$noteOperation$4(AppOpsService.java:7638)
10-12 10:03:31.724  1602  1716 E AppOps  : 	at com.android.server.appop.AppOpsService$CheckOpsDelegateDispatcher.$r8$lambda$oOwUoG55BBmJ6yiwhp3OAq3tQ30(Unknown Source:0)
10-12 10:03:31.724  1602  1716 E AppOps  : 	at com.android.server.appop.AppOpsService$CheckOpsDelegateDispatcher$$ExternalSyntheticLambda3.apply(Unknown Source:32)
10-12 10:03:31.724  1602  1716 E AppOps  : 	at com.android.server.policy.AppOpsPolicy.noteOperation(AppOpsPolicy.java:225)
10-12 10:03:31.724  1602  1716 E AppOps  : 	at com.android.server.appop.AppOpsService$CheckOpsDelegateDispatcher.noteOperation(AppOpsService.java:7636)
10-12 10:03:31.724  1602  1716 E AppOps  : 	at com.android.server.appop.AppOpsService.noteOperation(AppOpsService.java:3427)
10-12 10:03:31.724  1602  1716 E AppOps  : 	at android.app.AppOpsManager.noteOpNoThrow(AppOpsManager.java:8529)
10-12 10:03:31.724  1602  1716 E AppOps  : 	at com.android.server.am.BroadcastQueue.deliverToRegisteredReceiverLocked(BroadcastQueue.java:740)
10-12 10:03:31.724  1602  1716 E AppOps  : 	at com.android.server.am.BroadcastQueue.processNextBroadcastLocked(BroadcastQueue.java:1204)
10-12 10:03:31.724  1602  1716 E AppOps  : 	at com.android.server.am.BroadcastQueue.processNextBroadcast(BroadcastQueue.java:1155)
10-12 10:03:31.724  1602  1716 E AppOps  : 	at com.android.server.am.BroadcastQueue.-$$Nest$mprocessNextBroadcast(Unknown Source:0)
10-12 10:03:31.724  1602  1716 E AppOps  : 	at com.android.server.am.BroadcastQueue$BroadcastHandler.handleMessage(BroadcastQueue.java:224)
10-12 10:03:31.724  1602  1716 E AppOps  : 	at android.os.Handler.dispatchMessage(Handler.java:106)
10-12 10:03:31.724  1602  1716 E AppOps  : 	at android.os.Looper.loopOnce(Looper.java:201)
10-12 10:03:31.724  1602  1716 E AppOps  : 	at android.os.Looper.loop(Looper.java:288)
10-12 10:03:31.724  1602  1716 E AppOps  : 	at android.os.HandlerThread.run(HandlerThread.java:67)
10-12 10:03:31.724  1602  1716 E AppOps  : 	at com.android.server.ServiceThread.run(ServiceThread.java:44)
10-12 10:03:31.724  1602  1716 W BroadcastQueue: Appop Denial: broadcasting Intent { act=android.intent.action.SERVICE_STATE flg=0x1000010 (has extras) } from android (pid=2591, uid=1001) requires appop android:read_phone_state due to registered receiver BroadcastFilter{ef298e5 10254/u0 ReceiverList{8052fdc 29046 com.verizon.messaging.vzmsgs/10254/u0 remote:76e7c4f}}
10-12 10:03:31.724  1602  1716 W BroadcastQueue: Permission Denial: receiving Intent { act=android.intent.action.SERVICE_STATE flg=0x1000010 (has extras) } to com.google.android.cellbroadcastreceiver/com.android.cellbroadcastreceiver.CellBroadcastReceiver requires android.permission.READ_PHONE_STATE due to sender android (uid 1001)
10-12 10:03:31.725  1602  1714 W ContextImpl: Calling a method in the system process without a qualified user: android.app.ContextImpl.sendBroadcastMultiplePermissions:1272 android.content.Context.sendBroadcastMultiplePermissions:2272 com.android.server.TelephonyRegistry.broadcastServiceStateChanged:3096 com.android.server.TelephonyRegistry.notifyServiceStateForPhoneId:1616 com.android.internal.telephony.ITelephonyRegistry$Stub.onTransact:492 
10-12 10:03:31.726  1602  1714 W ContextImpl: Calling a method in the system process without a qualified user: android.app.ContextImpl.sendBroadcastMultiplePermissions:1272 android.content.Context.sendBroadcastMultiplePermissions:2272 com.android.server.TelephonyRegistry.broadcastServiceStateChanged:3100 com.android.server.TelephonyRegistry.notifyServiceStateForPhoneId:1616 com.android.internal.telephony.ITelephonyRegistry$Stub.onTransact:492 
10-12 10:03:31.726  1602  1716 W BroadcastQueue: Permission Denial: receiving Intent { act=android.intent.action.SERVICE_STATE flg=0x1000010 (has extras) } to ProcessRecord{f5bdb19 2091:com.android.systemui/u0a218} (pid=2091, uid=10218) requires android.permission.ACCESS_FINE_LOCATION due to sender android (uid 1001)
10-12 10:03:31.727  1602  1716 W BroadcastQueue: Permission Denial: receiving Intent { act=android.intent.action.SERVICE_STATE flg=0x1000010 (has extras) } to ProcessRecord{de0ad03 13970:com.zhiliaoapp.musically/u0a241} (pid=13970, uid=10241) requires android.permission.READ_PRIVILEGED_PHONE_STATE due to sender android (uid 1001)
10-12 10:03:31.727  1602  1716 W BroadcastQueue: Permission Denial: receiving Intent { act=android.intent.action.SERVICE_STATE flg=0x1000010 (has extras) } to ProcessRecord{4eabe23 28021:com.zhiliaoapp.musically:push/u0a241} (pid=28021, uid=10241) requires android.permission.READ_PRIVILEGED_PHONE_STATE due to sender android (uid 1001)
10-12 10:03:31.727  1602  1716 E AppOps  : Bad call made by uid 1000. Package "android" does not belong to uid 1001.
10-12 10:03:31.729  1602  1716 E AppOps  : noteOperation
10-12 10:03:31.729  1602  1716 E AppOps  : java.lang.SecurityException: Specified package "android" under uid 1001 but it is not
10-12 10:03:31.729  1602  1716 E AppOps  : 	at com.android.server.appop.AppOpsService.verifyAndGetBypass(AppOpsService.java:4692)
10-12 10:03:31.729  1602  1716 E AppOps  : 	at com.android.server.appop.AppOpsService.noteOperationUnchecked(AppOpsService.java:3455)
10-12 10:03:31.729  1602  1716 E AppOps  : 	at com.android.server.appop.AppOpsService.noteOperationImpl(AppOpsService.java:3443)
10-12 10:03:31.729  1602  1716 E AppOps  : 	at com.android.server.appop.AppOpsService.-$$Nest$mnoteOperationImpl(Unknown Source:0)
10-12 10:03:31.729  1602  1716 E AppOps  : 	at com.android.server.appop.AppOpsService$CheckOpsDelegateDispatcher.lambda$noteOperation$4(AppOpsService.java:7638)
10-12 10:03:31.729  1602  1716 E AppOps  : 	at com.android.server.appop.AppOpsService$CheckOpsDelegateDispatcher.$r8$lambda$oOwUoG55BBmJ6yiwhp3OAq3tQ30(Unknown Source:0)
10-12 10:03:31.729  1602  1716 E AppOps  : 	at com.android.server.appop.AppOpsService$CheckOpsDelegateDispatcher$$ExternalSyntheticLambda3.apply(Unknown Source:32)
10-12 10:03:31.729  1602  1716 E AppOps  : 	at com.android.server.policy.AppOpsPolicy.noteOperation(AppOpsPolicy.java:225)
10-12 10:03:31.729  1602  1716 E AppOps  : 	at com.android.server.appop.AppOpsService$CheckOpsDelegateDispatcher.noteOperation(AppOpsService.java:7636)
10-12 10:03:31.729  1602  1716 E AppOps  : 	at com.android.server.appop.AppOpsService.noteOperation(AppOpsService.java:3427)
10-12 10:03:31.729  1602  1716 E AppOps  : 	at android.app.AppOpsManager.noteOpNoThrow(AppOpsManager.java:8529)
10-12 10:03:31.729  1602  1716 E AppOps  : 	at com.android.server.am.BroadcastQueue.deliverToRegisteredReceiverLocked(BroadcastQueue.java:740)
10-12 10:03:31.729  1602  1716 E AppOps  : 	at com.android.server.am.BroadcastQueue.processNextBroadcastLocked(BroadcastQueue.java:1204)
10-12 10:03:31.729  1602  1716 E AppOps  : 	at com.android.server.am.BroadcastQueue.processNextBroadcast(BroadcastQueue.java:1155)
10-12 10:03:31.729  1602  1716 E AppOps  : 	at com.android.server.am.BroadcastQueue.-$$Nest$mprocessNextBroadcast(Unknown Source:0)
10-12 10:03:31.729  1602  1716 E AppOps  : 	at com.android.server.am.BroadcastQueue$BroadcastHandler.handleMessage(BroadcastQueue.java:224)
10-12 10:03:31.729  1602  1716 E AppOps  : 	at android.os.Handler.dispatchMessage(Handler.java:106)
10-12 10:03:31.729  1602  1716 E AppOps  : 	at android.os.Looper.loopOnce(Looper.java:201)
10-12 10:03:31.729  1602  1716 E AppOps  : 	at android.os.Looper.loop(Looper.java:288)
10-12 10:03:31.729  1602  1716 E AppOps  : 	at android.os.HandlerThread.run(HandlerThread.java:67)
10-12 10:03:31.729  1602  1716 E AppOps  : 	at com.android.server.ServiceThread.run(ServiceThread.java:44)
10-12 10:03:31.729  1602  1716 W BroadcastQueue: Appop Denial: broadcasting Intent { act=android.intent.action.SERVICE_STATE flg=0x1000010 (has extras) } from android (pid=2591, uid=1001) requires appop android:read_phone_state due to registered receiver BroadcastFilter{ef298e5 10254/u0 ReceiverList{8052fdc 29046 com.verizon.messaging.vzmsgs/10254/u0 remote:76e7c4f}}
10-12 10:03:31.729  1602  1716 W BroadcastQueue: Permission Denial: receiving Intent { act=android.intent.action.SERVICE_STATE flg=0x1000010 (has extras) } to ProcessRecord{f5bdb19 2091:com.android.systemui/u0a218} (pid=2091, uid=10218) requires android.permission.READ_PHONE_STATE due to sender android (uid 1001)
10-12 10:03:31.729  1602  1716 W BroadcastQueue: Permission Denial: receiving Intent { act=android.intent.action.SERVICE_STATE flg=0x1000010 (has extras) } to ProcessRecord{59e02ad 2512:com.shannon.imsservice/u0a197} (pid=2512, uid=10197) requires android.permission.READ_PHONE_STATE due to sender android (uid 1001)
10-12 10:03:31.729  1602  1716 W BroadcastQueue: Permission Denial: receiving Intent { act=android.intent.action.SERVICE_STATE flg=0x1000010 (has extras) } to ProcessRecord{de0ad03 13970:com.zhiliaoapp.musically/u0a241} (pid=13970, uid=10241) requires android.permission.READ_PHONE_STATE due to sender android (uid 1001)
10-12 10:03:31.729  1602  1716 W BroadcastQueue: Permission Denial: receiving Intent { act=android.intent.action.SERVICE_STATE flg=0x1000010 (has extras) } to ProcessRecord{4eabe23 28021:com.zhiliaoapp.musically:push/u0a241} (pid=28021, uid=10241) requires android.permission.READ_PHONE_STATE due to sender android (uid 1001)
10-12 10:03:31.730  1602  1716 E AppOps  : Bad call made by uid 1000. Package "android" does not belong to uid 1001.
10-12 10:03:31.730  1602  1716 E AppOps  : noteOperation
10-12 10:03:31.730  1602  1716 E AppOps  : java.lang.SecurityException: Specified package "android" under uid 1001 but it is not
10-12 10:03:31.730  1602  1716 E AppOps  : 	at com.android.server.appop.AppOpsService.verifyAndGetBypass(AppOpsService.java:4692)
10-12 10:03:31.730  1602  1716 E AppOps  : 	at com.android.server.appop.AppOpsService.noteOperationUnchecked(AppOpsService.java:3455)
10-12 10:03:31.730  1602  1716 E AppOps  : 	at com.android.server.appop.AppOpsService.noteOperationImpl(AppOpsService.java:3443)
10-12 10:03:31.730  1602  1716 E AppOps  : 	at com.android.server.appop.AppOpsService.-$$Nest$mnoteOperationImpl(Unknown Source:0)
10-12 10:03:31.730  1602  1716 E AppOps  : 	at com.android.server.appop.AppOpsService$CheckOpsDelegateDispatcher.lambda$noteOperation$4(AppOpsService.java:7638)
10-12 10:03:31.730  1602  1716 E AppOps  : 	at com.android.server.appop.AppOpsService$CheckOpsDelegateDispatcher.$r8$lambda$oOwUoG55BBmJ6yiwhp3OAq3tQ30(Unknown Source:0)
10-12 10:03:31.730  1602  1716 E AppOps  : 	at com.android.server.appop.AppOpsService$CheckOpsDelegateDispatcher$$ExternalSyntheticLambda3.apply(Unknown Source:32)
10-12 10:03:31.730  1602  1716 E AppOps  : 	at com.android.server.policy.AppOpsPolicy.noteOperation(AppOpsPolicy.java:225)
